// Jest Snapshot v1, https://goo.gl/fbAQLP

exports[`Input 1`] = `
<TextInput
  style={
    {
      "borderColor": "#ddd",
      "borderStyle": "solid",
      "borderWidth": 1,
      "height": 42,
      "paddingBottom": 10,
      "paddingLeft": 15,
      "paddingRight": 15,
      "paddingTop": 10,
      "width": "100%",
    }
  }
  value=""
/>
`;
