// Jest Snapshot v1, https://goo.gl/fbAQLP

exports[`Profile 1`] = `
<View
  style={
    {
      "alignItems": "center",
      "borderBottomColor": "#ddd",
      "borderColor": "transparent",
      "borderStyle": "solid",
      "borderWidth": 1,
      "paddingBottom": 42,
      "paddingLeft": 0,
      "paddingRight": 0,
      "paddingTop": 42,
      "width": "100%",
    }
  }
>
  <Image
    source={
      {
        "uri": "https://i.pinimg.com/280x280_RS/39/fd/09/39fd09a3f0962e5b7b4a3ccbf5a61057.jpg",
      }
    }
    style={
      {
        "borderBottomLeftRadius": 100,
        "borderBottomRightRadius": 100,
        "borderTopLeftRadius": 100,
        "borderTopRightRadius": 100,
        "height": 90,
        "marginBottom": 20,
        "width": 90,
      }
    }
  />
  <Text
    style={
      {
        "color": "#111111",
        "fontSize": 20,
        "fontWeight": "700",
      }
    }
  >
    Bruce Wayne
  </Text>
  <Text
    style={
      {
        "color": "#666666",
        "fontSize": 14,
        "fontWeight": "700",
        "marginTop": 5,
      }
    }
  >
    Wayne Interprise
  </Text>
</View>
`;
