// Jest Snapshot v1, https://goo.gl/fbAQLP

exports[`Icon 1`] = `<Text />`;
